
> scratch@0.1.0 build
> next build

Γû▓ Next.js 16.1.6 (Turbopack)
- Environments: .env.production.local, .env.local

  Creating an optimized production build ...
Γ£ô Compiled successfully in 57s
  Running TypeScript ...
node.exe : Failed to compile.
At line:1 char:1
+ & "C:\Program Files\nodejs/node.exe" 
"C:\Program Files\nodejs/node_mo ...
+ ~~~~~~~~~~~~~~~~~~~~~~~~~~~~~~~~~~~~~~~~~~~~~~~~
~~~~~~~~~~~~~~~~~~~~~
    + CategoryInfo          : NotSpecified: (F    
ailed to compile.:String) [], RemoteExcept    ion
    + FullyQualifiedErrorId : NativeCommandErr    
or
 

./src/components/TutorCards.tsx:76:55
Type error: Property 'avatar_url' does not exist 
on type 'TutorData'.

[0m [90m 74 |[39m                              
       [33m<[39m[33mdiv[39m style[33m=[39m{{
 [90m 75 |[39m                                  
       width[33m:[39m [35m80[39m[33m,[39m 
height[33m:[39m [35m80[39m[33m,[39m 
borderRadius[33m:[39m [32m'50%'[39m[33m,[39m
[31m[1m>[22m[39m[90m 76 |[39m               
                          background[33m:[39m 
t[33m.[39mavatar_url [33m||[39m 
t[33m.[39mavatar [33m?[39m 
[32m'transparent'[39m [33m:[39m 
avatarGradients[i [33m%[39m 
avatarGradients[33m.[39mlength][33m,[39m
 [90m    |[39m                                  
                     [31m[1m^[22m[39m
 [90m 77 |[39m                                  
       display[33m:[39m 
[32m'flex'[39m[33m,[39m alignItems[33m:[39m 
[32m'center'[39m[33m,[39m 
justifyContent[33m:[39m 
[32m'center'[39m[33m,[39m
 [90m 78 |[39m                                  
       fontSize[33m:[39m 
[35m32[39m[33m,[39m color[33m:[39m 
[32m'#fff'[39m[33m,[39m fontWeight[33m:[39m 
[35m800[39m[33m,[39m
 [90m 79 |[39m                                  
       overflow[33m:[39m 
[32m'hidden'[39m[33m,[39m[0m
Next.js build worker exited with code: 1 and 
signal: null
