src/app/apply-tutor/page.tsx(1306,86): error TS2304: Cannot find name 'Check'.
src/app/apply-tutor/page.tsx(1334,87): error TS2304: Cannot find name 'Check'.
