src/components/QuestionModal.tsx(355,40): error TS18047: 'selectedQuestion' is possibly 'null'.
